abcababsbabababbababbaaaaaaaaaaaaaaaaaaaaaaaaaaaaaaaaaaaaaaaaaaaa


aaa 123 123 1111111
afjnsusrifeirgbn
arnsnefjusnifubn
aijrioenfiunsiogjnriognodngoidnigifififififiififiifififififiifififififiiifii








sjnfsnvjbjsndjkanrjnadqkanwek,anfjknoerjgf09203-130ir9034u8yhgpsehrgh ayg8y349ty y4 t34y yu 89ywf hhwew8fhqphh
hhhhhhhhhhhhhhhffffffffffffffffffffffffffffhfhfhfhfhfhhfhf